PS F:\Documents\HOTPIN\Re-Build\WebServer\hotpin-firmware> idf.py monitor
Executing action: monitor
Serial port COM7
Connecting....
Detecting chip type... Unsupported detection protocol, switching and trying again...
Connecting...
Detecting chip type... ESP32
Running idf_monitor in directory F:\Documents\HOTPIN\Re-Build\WebServer\hotpin-firmware
Executing "C:\Espressif\python_env\idf5.4_py3.11_env\Scripts\python.exe C:\Espressif\frameworks\esp-idf-v5.4.2\tools/idf_monitor.py -p COM7 -b 115200 --toolchain-prefix xtensa-esp32-elf- --target esp32 --revision 0 F:\Documents\HOTPIN\Re-Build\WebServer\hotpin-firmware\build\hotpin-firmware.elf --force-color -m 'C:\Espressif\python_env\idf5.4_py3.11_env\Scripts\python.exe' 'C:\Espressif\frameworks\esp-idf-v5.4.2\tools\idf.py'"...
--- Warning: GDB cannot open serial ports accessed as COMx
--- Using \\.\COM7 instead...
--- esp-idf-monitor 1.7.0 on \\.\COM7 115200
--- Quit: Ctrl+] | Menu: Ctrl+T | Help: Ctrl+T followed by Ctrl+H
ets Jul 29 2019 12:21:46

rst:0x1 (POWERON_RESET),boot:0x33 (SPI_FAST_FLASH_BOOT)
invalid header: 0xffffffff
invalid header: 0xffffffff
invalid header: 0xffffffff
invalid header: 0xffffffff
invalid header: 0xffffffff
invalid header: 0xffffffff
invalid header: 0xffffffff
invalid header: 0xffffffff
ets Jul 29 2019 12:21:46

rst:0x10 (RTCWDT_RTC_RESET),boot:0x33 (SPI_FAST_FLASH_BOOT)
invalid header: 0xffffffff
invalid header: 0xffffffff
invalid header: 0xffffffff
invalid header: 0xffffffff
invalid header: 0xffffffff
invalid header: 0xffffffff
invalid header: 0xffffffff
invalid header: 0xffffffff
ets Jul 29 2019 12:21:46

rst:0x10 (RTCWDT_RTC_RESET),boot:0x33 (SPI_FAST_FLASH_BOOT)
invalid header: 0xffffffff
invalid header: 0xffffffff
invalid header: 0xffffffff
invalid header: 0xffffffff
invalid header: 0xffffffff
invalid header: 0xffffffff
invalid header: 0xffffffff
invalid header: 0xffffffff
ets Jul 29 2019 12:21:46

rst:0x10 (RTCWDT_RTC_RESET),boot:0x33 (SPI_FAST_FLASH_BOOT)
invalid header: 0xffffffff
invalid header: 0xffffffff
invalid header: 0xffffffff
invalid header: 0xffffffff
invalid header: 0xffffffff
invalid header: 0xffffffff
invalid header: 0xffffffff
invalid header: 0xffffffff
ets Jul 29 2019 12:21:46

rst:0x10 (RTCWDT_RTC_RESET),boot:0x33 (SPI_FAST_FLASH_BOOT)
I (13) boot: ESP-IDF v5.4.2-dirty 2nd stage bootloader
I (13) boot: compile time Oct 31 2025 00:14:15
I (13) boot: Multicore bootloader
I (14) boot: chip revision: v3.1
I (17) boot.esp32: SPI Speed      : 40MHz
I (21) boot.esp32: SPI Mode       : DIO
I (24) boot.esp32: SPI Flash Size : 2MB
I (28) boot: Enabling RNG early entropy source...
I (32) boot: Partition Table:
I (35) boot: ## Label            Usage          Type ST Offset   Length
I (41) boot:  0 nvs              WiFi data        01 02 00009000 00006000
I (48) boot:  1 phy_init         RF data          01 01 0000f000 00001000
I (54) boot:  2 factory          factory app      00 00 00010000 00100000
I (61) boot: End of partition table
I (64) esp_image: segment 0: paddr=00010020 vaddr=3f400020 size=2716ch (160108) map
I (126) esp_image: segment 1: paddr=00037194 vaddr=3ff80000 size=0001ch (    28) load
I (126) esp_image: segment 2: paddr=000371b8 vaddr=3ffb0000 size=040f8h ( 16632) load
I (136) esp_image: segment 3: paddr=0003b2b8 vaddr=40080000 size=04d60h ( 19808) load
I (145) esp_image: segment 4: paddr=00040020 vaddr=400d0020 size=b57d8h (743384) map
I (400) esp_image: segment 5: paddr=000f5800 vaddr=40084d60 size=172bch ( 94908) load
I (450) boot: Loaded app from partition at offset 0x10000
I (450) boot: Disabling RNG early entropy source...
I (460) quad_psram: This chip is ESP32-D0WD
I (462) esp_psram: Found 8MB PSRAM device
I (462) esp_psram: Speed: 40MHz
I (462) esp_psram: PSRAM initialized, cache is in low/high (2-core) mode.
W (468) esp_psram: Virtual address not enough for PSRAM, map as much as we can. 4MB is mapped
I (476) cpu_start: Multicore app
I (1384) esp_psram: SPI SRAM memory test OK
I (1392) cpu_start: Pro cpu start user code
I (1392) cpu_start: cpu freq: 240000000 Hz
I (1392) app_init: Application information:
I (1393) app_init: Project name:     hotpin-firmware
I (1397) app_init: App version:      0ba5223-dirty
I (1402) app_init: Compile time:     Oct 31 2025 00:13:59
I (1407) app_init: ELF file SHA256:  86872e917...
I (1411) app_init: ESP-IDF:          v5.4.2-dirty
I (1416) efuse_init: Min chip rev:     v0.0
I (1420) efuse_init: Max chip rev:     v3.99
I (1424) efuse_init: Chip rev:         v3.1
I (1428) heap_init: Initializing. RAM available for dynamic allocation:
I (1434) heap_init: At 3FFAE6E0 len 00001920 (6 KiB): DRAM
I (1439) heap_init: At 3FFB8A40 len 000275C0 (157 KiB): DRAM
I (1445) heap_init: At 3FFE0440 len 00003AE0 (14 KiB): D/IRAM
I (1450) heap_init: At 3FFE4350 len 0001BCB0 (111 KiB): D/IRAM
I (1456) heap_init: At 4009C01C len 00003FE4 (15 KiB): IRAM
I (1461) esp_psram: Adding pool of 4096K of PSRAM memory to heap allocator
I (1468) spi_flash: detected chip: generic
I (1471) spi_flash: flash io: dio
W (1474) spi_flash: Detected size(4096k) larger than the size in the binary image header(2048k). Using the size in the binary image header.
W (1487) ADC: legacy driver is deprecated, please migrate to `esp_adc/adc_oneshot.h`
W (1494) i2s(legacy): legacy i2s driver is deprecated, please migrate to use driver/i2s_std.h, driver/i2s_pdm.h or driver/i2s_tdm.h
I (1507) main_task: Started on CPU0
I (1517) esp_psram: Reserving pool of 32K of internal memory for DMA/internal allocations
I (1517) main_task: Calling app_main()
I (1517) HOTPIN: Starting HotPin Firmware
I (1547) HOTPIN: Generated unique session ID: hotpin-8462e0-000000-8163
I (1547) PSRAM: PSRAM available: 8388608 bytes
I (1547) GPIO: Initializing GPIO pins
I (1547) gpio: GPIO[12]| InputEn: 1| OutputEn: 0| OpenDrain: 0| Pullup: 1| Pulldown: 0| Intr:0
I (1557) gpio: GPIO[33]| InputEn: 0| OutputEn: 1| OpenDrain: 0| Pullup: 0| Pulldown: 0| Intr:0
I (1567) GPIO: GPIO initialization complete
I (1717) POOL: Allocated 256000 bytes chunk pool from PSRAM
I (1767) WIFI: Initializing WiFi
I (1777) wifi:wifi driver task: 3ffc9058, prio:23, stack:6656, core=0
I (1787) wifi:wifi firmware version: bea31f3
I (1787) wifi:wifi certification version: v7.0
I (1787) wifi:config NVS flash: enabled
I (1787) wifi:config nano formatting: disabled
I (1787) wifi:Init data frame dynamic rx buffer num: 32
I (1797) wifi:Init static rx mgmt buffer num: 5
I (1797) wifi:Init management short buffer num: 32
I (1807) wifi:Init dynamic tx buffer num: 32
I (1807) wifi:Init static rx buffer size: 1600
I (1807) wifi:Init static rx buffer num: 10
I (1817) wifi:Init dynamic rx buffer num: 32
I (1817) wifi_init: rx ba win: 6
I (1827) wifi_init: accept mbox: 6
I (1827) wifi_init: tcpip mbox: 32
I (1827) wifi_init: udp mbox: 6
I (1827) wifi_init: tcp mbox: 6
I (1837) wifi_init: tcp tx win: 5760
I (1837) wifi_init: tcp rx win: 5760
I (1837) wifi_init: tcp mss: 1440
I (1847) wifi_init: WiFi IRAM OP enabled
I (1847) wifi_init: WiFi RX IRAM OP enabled
I (1857) WIFI: Starting WiFi...
I (1857) phy_init: phy_version 4860,6b7a6e5,Feb  6 2025,14:47:07
I (1927) phy_init: Saving new calibration data due to checksum failure or outdated calibration data, mode(0)
I (2007) wifi:mode : sta (2c:bc:bb:84:62:e0)
I (2007) wifi:enable tsf
I (2007) WIFI: Connecting to WiFi network: wifi
I (2017) WIFI: WiFi initialization complete
I (2017) wifi:new:<11,0>, old:<1,0>, ap:<255,255>, sta:<11,0>, prof:1, snd_ch_cfg:0x0
I (2017) wifi:state: init -> auth (0xb0)
I (2547) HOTPIN: Waiting for IP address before starting WebSocket...
I (2887) wifi:state: auth -> assoc (0x0)
I (2897) wifi:state: assoc -> run (0x10)
I (2927) wifi:connected with wifi, aid = 3, channel 11, BW20, bssid = ee:d4:b9:ed:90:50
I (2927) wifi:security: WPA3-SAE, phy: bgn, rssi: -51
I (2937) wifi:pm start, type: 1

I (2937) wifi:dp: 1, bi: 102400, li: 3, scale listen interval from 307200 us to 307200 us
I (2947) wifi:<ba-add>idx:0 (ifx:0, ee:d4:b9:ed:90:50), tid:0, ssn:0, winSize:64
I (2997) wifi:dp: 2, bi: 102400, li: 4, scale listen interval from 307200 us to 409600 us
I (2997) wifi:AP's beacon interval = 102400 us, DTIM period = 2
I (3977) esp_netif_handlers: sta ip: 10.143.111.105, mask: 255.255.255.0, gw: 10.143.111.248
I (3987) HOTPIN: IP address obtained, initializing WebSocket
I (3987) WS: Initializing WebSocket client
I (3987) WS: Regenerating session ID for initial connection
I (3987) HOTPIN: Generated unique session ID: hotpin-8462e0-000002-0f70
I (3997) CONFIG: Initializing dynamic configuration management
I (3997) CONFIG: Found pre-configured URL, applying authentication parameters without server fetch
I (4007) CONFIG: Dynamic configuration initialized with pre-configured URL: ws://10.91.158.164:8000/ws?session=hotpin-8462e0-000002-0f70&token=mysecrettoken123
I (4017) WS: Local WebSocket URL for client connections: ws://10.143.111.105:8000/ws
I (4027) WS: Connect other devices to this URL to interact with this HotPin device on the local network
I (4037) WS: Using WebSocket URL: ws://10.91.158.164:8000/ws?session=hotpin-8462e0-000002-0f70&token=mysecrettoken123
I (4057) websocket_client: Started
I (4057) WS: WebSocket client initialized with session ID: hotpin-8462e0-000002-0f70
I (4067) I2S: I2S initialized successfully
I (4167) WS: Starting WebSocket task - handling handshake and connection management
I (4167) WS: Starting WebSocket message processing task
W (4167) CAMERA: Camera task started but camera is disabled
I (4167) HOTPIN: All tasks created, system ready
I (4327) WS: WebSocket connected
I (4367) WS: WebSocket connected, performing handshake...
I (4367) WS: Handshake message sent successfully
E (4367) WS: Failed to send WebSocket text: ERROR (0x4a)
I (5367) STATE: State changed: BOOTING -> IDLE
I (21187) STATE: Switching I2S to RX mode for recording
I (21187) STATE: Pausing audio capture task during I2S reconfiguration
I (21187) I2S: I2S driver uninstalled
I (21287) STATE: I2S configured for RX mode (recording)
I (21287) STATE: Resuming audio capture task after I2S reconfiguration
E (21287) WS: Failed to send WebSocket text: ERROR (0x27)
I (21487) STATE: State changed: IDLE -> RECORDING
E (21807) WS: Failed to send WebSocket text: ERROR (0x55)
I (21807) WS: Server ready message received
I (21807) STATE: Leaving audio state, cleaning up I2S
I (21807) STATE: Pausing audio capture task during I2S cleanup
E (21857) WS: Failed to send WebSocket binary: ERROR (0x3e80)
E (26817) I2S: Failed to take I2S mutex for uninstall
I (26817) STATE: Resuming audio capture task after I2S cleanup
E (26817) WS: Failed to send WebSocket text: ERROR (0x1c)
E (27117) WS: Failed to send WebSocket text: ERROR (0x55)
E (27157) WS: Failed to send WebSocket binary: ERROR (0x3e80)
Guru Meditation Error: Core  0 panic'ed (LoadProhibited). Exception was unhandled.

Core  0 register dump:
PC      : 0x40093000  PS      : 0x00060b33  A0      : 0x80092e3b  A1      : 0x3ffdb6e0
--- 0x40093000: block_is_free at C:/Espressif/frameworks/esp-idf-v5.4.2/components/heap/tlsf/tlsf_block_functions.h:103
--- (inlined by) block_merge_prev at C:/Espressif/frameworks/esp-idf-v5.4.2/components/heap/tlsf/tlsf_control_functions.h:521
--- (inlined by) tlsf_free at C:/Espressif/frameworks/esp-idf-v5.4.2/components/heap/tlsf/tlsf.c:632
A2      : 0x3f800014  A3      : 0x3f804774  A4      : 0x00000008  A5      : 0x3f4098c7
A6      : 0xfef0fef0  A7      : 0x3f80476c  A8      : 0xfef2fef3  A9      : 0xfef2fef2
A10     : 0x00000002  A11     : 0x3f80476c  A12     : 0x3ffdb5c4  A13     : 0x00060b23
A14     : 0x3ffdb5a0  A15     : 0x0000cdcd  SAR     : 0x00000004  EXCCAUSE: 0x0000001c
EXCVADDR: 0xfef0fef4  LBEG    : 0x4008b8a9  LEND    : 0x4008b8b9  LCOUNT  : 0xfffffffe
--- 0x4008b8a9: strlen at /builds/idf/crosstool-NG/.build/xtensa-esp-elf/src/newlib/newlib/libc/machine/xtensa/strlen.S:84
--- 0x4008b8b9: strlen at /builds/idf/crosstool-NG/.build/xtensa-esp-elf/src/newlib/newlib/libc/machine/xtensa/strlen.S:96


Backtrace: 0x40092ffd:0x3ffdb6e0 0x40092e38:0x3ffdb700 0x4008278b:0x3ffdb720 0x40095bb9:0x3ffdb740 0x400df04a:0x3ffdb760 0x4008e6e5:0x3ffdb7a0
--- 0x40092ffd: block_merge_prev at C:/Espressif/frameworks/esp-idf-v5.4.2/components/heap/tlsf/tlsf_control_functions.h:520
--- (inlined by) tlsf_free at C:/Espressif/frameworks/esp-idf-v5.4.2/components/heap/tlsf/tlsf.c:632
--- 0x40092e38: multi_heap_free_impl at C:/Espressif/frameworks/esp-idf-v5.4.2/components/heap/multi_heap.c:233
--- 0x4008278b: heap_caps_free at C:/Espressif/frameworks/esp-idf-v5.4.2/components/heap/heap_caps_base.c:76
--- 0x40095bb9: free at C:/Espressif/frameworks/esp-idf-v5.4.2/components/newlib/heap.c:39
--- 0x400df04a: websocket_message_task at F:/Documents/HOTPIN/Re-Build/WebServer/hotpin-firmware/main/network_handling.c:686
--- 0x4008e6e5: vPortTaskWrapper at C:/Espressif/frameworks/esp-idf-v5.4.2/components/freertos/FreeRTOS-Kernel/portable/xtensa/port.c:139




ELF file SHA256: 86872e917

Rebooting...
I (13) boot: ESP-IDF v5.4.2-dirty 2nd stage bootloader
I (13) boot: compile time Oct 31 2025 00:14:15
I (13) boot: Multicore bootloader
I (14) boot: chip revision: v3.1
I (16) boot.esp32: SPI Speed      : 40MHz
I (20) boot.esp32: SPI Mode       : DIO
I (24) boot.esp32: SPI Flash Size : 2MB
I (27) boot: Enabling RNG early entropy source...
I (32) boot: Partition Table:
I (34) boot: ## Label            Usage          Type ST Offset   Length
I (41) boot:  0 nvs              WiFi data        01 02 00009000 00006000
I (47) boot:  1 phy_init         RF data          01 01 0000f000 00001000
I (54) boot:  2 factory          factory app      00 00 00010000 00100000
I (60) boot: End of partition table
I (64) esp_image: segment 0: paddr=00010020 vaddr=3f400020 size=2716ch (160108) map
I (126) esp_image: segment 1: paddr=00037194 vaddr=3ff80000 size=0001ch (    28) load
I (126) esp_image: segment 2: paddr=000371b8 vaddr=3ffb0000 size=040f8h ( 16632) load
I (136) esp_image: segment 3: paddr=0003b2b8 vaddr=40080000 size=04d60h ( 19808) load
I (145) esp_image: segment 4: paddr=00040020 vaddr=400d0020 size=b57d8h (743384) map
I (399) esp_image: segment 5: paddr=000f5800 vaddr=40084d60 size=172bch ( 94908) load
I (449) boot: Loaded app from partition at offset 0x10000
I (449) boot: Disabling RNG early entropy source...
I (460) quad_psram: This chip is ESP32-D0WD
I (461) esp_psram: Found 8MB PSRAM device
I (462) esp_psram: Speed: 40MHz
I (462) esp_psram: PSRAM initialized, cache is in low/high (2-core) mode.
W (467) esp_psram: Virtual address not enough for PSRAM, map as much as we can. 4MB is mapped
I (475) cpu_start: Multicore app
I (1384) esp_psram: SPI SRAM memory test OK
I (1392) cpu_start: Pro cpu start user code
I (1392) cpu_start: cpu freq: 240000000 Hz
I (1392) app_init: Application information:
I (1392) app_init: Project name:     hotpin-firmware
I (1397) app_init: App version:      0ba5223-dirty
I (1401) app_init: Compile time:     Oct 31 2025 00:13:59
I (1407) app_init: ELF file SHA256:  86872e917...
I (1411) app_init: ESP-IDF:          v5.4.2-dirty
I (1415) efuse_init: Min chip rev:     v0.0
I (1419) efuse_init: Max chip rev:     v3.99
I (1423) efuse_init: Chip rev:         v3.1
I (1428) heap_init: Initializing. RAM available for dynamic allocation:
I (1434) heap_init: At 3FFAE6E0 len 00001920 (6 KiB): DRAM
I (1439) heap_init: At 3FFB8A40 len 000275C0 (157 KiB): DRAM
I (1444) heap_init: At 3FFE0440 len 00003AE0 (14 KiB): D/IRAM
I (1450) heap_init: At 3FFE4350 len 0001BCB0 (111 KiB): D/IRAM
I (1455) heap_init: At 4009C01C len 00003FE4 (15 KiB): IRAM
I (1461) esp_psram: Adding pool of 4096K of PSRAM memory to heap allocator
I (1468) spi_flash: detected chip: generic
I (1471) spi_flash: flash io: dio
W (1474) spi_flash: Detected size(4096k) larger than the size in the binary image header(2048k). Using the size in the binary image header.
W (1486) ADC: legacy driver is deprecated, please migrate to `esp_adc/adc_oneshot.h`
W (1494) i2s(legacy): legacy i2s driver is deprecated, please migrate to use driver/i2s_std.h, driver/i2s_pdm.h or driver/i2s_tdm.h
I (1506) main_task: Started on CPU0
I (1516) esp_psram: Reserving pool of 32K of internal memory for DMA/internal allocations
I (1516) main_task: Calling app_main()
I (1516) HOTPIN: Starting HotPin Firmware
I (1546) HOTPIN: Generated unique session ID: hotpin-8462e0-000000-c8c3
I (1546) PSRAM: PSRAM available: 8388608 bytes
I (1546) GPIO: Initializing GPIO pins
I (1546) gpio: GPIO[12]| InputEn: 1| OutputEn: 0| OpenDrain: 0| Pullup: 1| Pulldown: 0| Intr:0
I (1556) gpio: GPIO[33]| InputEn: 0| OutputEn: 1| OpenDrain: 0| Pullup: 0| Pulldown: 0| Intr:0
I (1566) GPIO: GPIO initialization complete
I (1716) POOL: Allocated 256000 bytes chunk pool from PSRAM
I (1766) WIFI: Initializing WiFi
I (1776) wifi:wifi driver task: 3ffc90dc, prio:23, stack:6656, core=0
I (1786) wifi:wifi firmware version: bea31f3
I (1786) wifi:wifi certification version: v7.0
I (1786) wifi:config NVS flash: enabled
I (1786) wifi:config nano formatting: disabled
I (1786) wifi:Init data frame dynamic rx buffer num: 32
I (1796) wifi:Init static rx mgmt buffer num: 5
I (1796) wifi:Init management short buffer num: 32
I (1806) wifi:Init dynamic tx buffer num: 32
I (1806) wifi:Init static rx buffer size: 1600
I (1816) wifi:Init static rx buffer num: 10
I (1816) wifi:Init dynamic rx buffer num: 32
I (1816) wifi_init: rx ba win: 6
I (1826) wifi_init: accept mbox: 6
I (1826) wifi_init: tcpip mbox: 32
I (1826) wifi_init: udp mbox: 6
I (1826) wifi_init: tcp mbox: 6
I (1836) wifi_init: tcp tx win: 5760
I (1836) wifi_init: tcp rx win: 5760
I (1836) wifi_init: tcp mss: 1440
I (1846) wifi_init: WiFi IRAM OP enabled
I (1846) wifi_init: WiFi RX IRAM OP enabled
I (1856) WIFI: Starting WiFi...
I (1856) phy_init: phy_version 4860,6b7a6e5,Feb  6 2025,14:47:07
I (1926) phy_init: Saving new calibration data due to checksum failure or outdated calibration data, mode(0)
I (1956) wifi:mode : sta (2c:bc:bb:84:62:e0)
I (1956) wifi:enable tsf
I (1956) WIFI: Connecting to WiFi network: wifi
I (1966) WIFI: WiFi initialization complete
I (1976) wifi:new:<11,0>, old:<1,0>, ap:<255,255>, sta:<11,0>, prof:1, snd_ch_cfg:0x0
I (1976) wifi:state: init -> auth (0xb0)
I (2496) HOTPIN: Waiting for IP address before starting WebSocket...
I (2836) wifi:state: auth -> assoc (0x0)
I (2846) wifi:Association refused temporarily time 1100, comeback time 1200 (TUs)
I (4066) wifi:state: assoc -> auth (0xb0)
I (4906) wifi:state: auth -> assoc (0x0)
I (4916) wifi:state: assoc -> run (0x10)
I (4946) wifi:connected with wifi, aid = 3, channel 11, BW20, bssid = ee:d4:b9:ed:90:50
I (4946) wifi:security: WPA3-SAE, phy: bgn, rssi: -51
I (4956) wifi:pm start, type: 1

I (4956) wifi:dp: 1, bi: 102400, li: 3, scale listen interval from 307200 us to 307200 us
I (4966) wifi:<ba-add>idx:0 (ifx:0, ee:d4:b9:ed:90:50), tid:0, ssn:0, winSize:64
I (5036) wifi:dp: 2, bi: 102400, li: 4, scale listen interval from 307200 us to 409600 us
I (5036) wifi:AP's beacon interval = 102400 us, DTIM period = 2
I (5996) esp_netif_handlers: sta ip: 10.143.111.105, mask: 255.255.255.0, gw: 10.143.111.248
I (6006) HOTPIN: IP address obtained, initializing WebSocket
I (6006) WS: Initializing WebSocket client
I (6006) WS: Regenerating session ID for initial connection
I (6006) HOTPIN: Generated unique session ID: hotpin-8462e0-000004-7c96
I (6016) CONFIG: Initializing dynamic configuration management
I (6016) CONFIG: Found pre-configured URL, applying authentication parameters without server fetch
I (6026) CONFIG: Dynamic configuration initialized with pre-configured URL: ws://10.91.158.164:8000/ws?session=hotpin-8462e0-000004-7c96&token=mysecrettoken123
I (6036) WS: Local WebSocket URL for client connections: ws://10.143.111.105:8000/ws
I (6046) WS: Connect other devices to this URL to interact with this HotPin device on the local network
I (6056) WS: Using WebSocket URL: ws://10.91.158.164:8000/ws?session=hotpin-8462e0-000004-7c96&token=mysecrettoken123
I (6076) websocket_client: Started
I (6076) WS: WebSocket client initialized with session ID: hotpin-8462e0-000004-7c96
I (6086) I2S: I2S initialized successfully
E (6106) transport_ws: Sec-WebSocket-Accept not found
E (6106) websocket_client: esp_transport_connect() failed with -1, transport_error=ESP_OK, tls_error_code=0, tls_flags=0, esp_ws_handshake_status_code=403, errno=119
E (6116) WS: WebSocket error
I (6116) STATE: State changed: BOOTING -> STALLED
I (6116) WS: WebSocket error - scheduling reconnection
I (6126) websocket_client: Reconnect after 10000 ms
W (6126) WS: WebSocket disconnected
I (6136) STATE: State changed: STALLED -> STALLED
I (6136) WS: Regenerating session ID for new connection attempt
I (6146) HOTPIN: Generated unique session ID: hotpin-8462e0-000004-9474
I (6146) WS: Waiting for server session cleanup...
I (6186) WS: Starting WebSocket task - handling handshake and connection management
I (6186) WS: Starting WebSocket message processing task
W (6186) CAMERA: Camera task started but camera is disabled
I (6186) HOTPIN: All tasks created, system ready
I (11156) WS: Attempting WebSocket reconnection in 1 seconds...
W (11186) WS: WebSocket connection not established after timeout, will continue to monitor
W (11186) WS: WebSocket disconnected (failure 1/10), will continue to monitor
E (12156) websocket_client: The client has started
E (12156) WS: WebSocket reconnection failed: ESP_FAIL
I (12156) WS: Attempting WebSocket reconnection in 2 seconds...
E (14156) websocket_client: The client has started
E (14156) WS: WebSocket reconnection failed: ESP_FAIL
I (14156) WS: Attempting WebSocket reconnection in 4 seconds...
W (16186) WS: WebSocket disconnected (failure 2/10), will continue to monitor
E (18156) websocket_client: The client has started
E (18156) WS: WebSocket reconnection failed: ESP_FAIL
I (18156) WS: Attempting WebSocket reconnection in 8 seconds...
��