ets Jul 29 2019 12:21:46

rst:0x1 (POWERON_RESET),boot:0x33 (SPI_FAST_FLASH_BOOT)
invalid header: 0xffffffff
invalid header: 0xffffffff
invalid header: 0xffffffff
invalid header: 0xffffffff
invalid header: 0xffffffff
invalid header: 0xffffffff
invalid header: 0xffffffff
invalid header: 0xffffffff
ets Jul 29 2019 12:21:46

rst:0x10 (RTCWDT_RTC_RESET),boot:0x33 (SPI_FAST_FLASH_BOOT)
invalid header: 0xffffffff
invalid header: 0xffffffff
invalid header: 0xffffffff
invalid header: 0xffffffff
invalid header: 0xffffffff
invalid header: 0xffffffff
invalid header: 0xffffffff
invalid header: 0xffffffff
ets Jul 29 2019 12:21:46

rst:0x10 (RTCWDT_RTC_RESET),boot:0x33 (SPI_FAST_FLASH_BOOT)
invalid header: 0xffffffff
invalid header: 0xffffffff
invalid header: 0xffffffff
invalid header: 0xffffffff
invalid header: 0xffffffff
invalid header: 0xffffffff
invalid header: 0xffffffff
invalid header: 0xffffffff
ets Jul 29 2019 12:21:46

rst:0x10 (RTCWDT_RTC_RESET),boot:0x33 (SPI_FAST_FLASH_BOOT)
invalid header: 0xffffffff
invalid header: 0xffffffff
invalid header: 0xffffffff
invalid header: 0xffffffff
invalid header: 0xffffffff
invalid header: 0xffffffff
invalid header: 0xffffffff
invalid header: 0xffffffff
ets Jul 29 2019 12:21:46

rst:0x10 (RTCWDT_RTC_RESET),boot:0x33 (SPI_FAST_FLASH_BOOT)
[0;32mI (13) boot: ESP-IDF v5.4.2-dirty 2nd stage bootloader[0m
[0;32mI (13) boot: compile time Oct 31 2025 00:14:15[0m
[0;32mI (13) boot: Multicore bootloader[0m
[0;32mI (14) boot: chip revision: v3.1[0m
[0;32mI (17) boot.esp32: SPI Speed      : 40MHz[0m
[0;32mI (21) boot.esp32: SPI Mode       : DIO[0m
[0;32mI (24) boot.esp32: SPI Flash Size : 2MB[0m
[0;32mI (28) boot: Enabling RNG early entropy source...[0m
[0;32mI (32) boot: Partition Table:[0m
[0;32mI (35) boot: ## Label            Usage          Type ST Offset   Length[0m
[0;32mI (41) boot:  0 nvs              WiFi data        01 02 00009000 00006000[0m
[0;32mI (48) boot:  1 phy_init         RF data          01 01 0000f000 00001000[0m
[0;32mI (54) boot:  2 factory          factory app      00 00 00010000 00100000[0m
[0;32mI (61) boot: End of partition table[0m
[0;32mI (64) esp_image: segment 0: paddr=00010020 vaddr=3f400020 size=2716ch (160108) map[0m
[0;32mI (126) esp_image: segment 1: paddr=00037194 vaddr=3ff80000 size=0001ch (    28) load[0m
[0;32mI (126) esp_image: segment 2: paddr=000371b8 vaddr=3ffb0000 size=040f8h ( 16632) load[0m
[0;32mI (136) esp_image: segment 3: paddr=0003b2b8 vaddr=40080000 size=04d60h ( 19808) load[0m
[0;32mI (145) esp_image: segment 4: paddr=00040020 vaddr=400d0020 size=b57d8h (743384) map[0m
[0;32mI (400) esp_image: segment 5: paddr=000f5800 vaddr=40084d60 size=172bch ( 94908) load[0m
[0;32mI (450) boot: Loaded app from partition at offset 0x10000[0m
[0;32mI (450) boot: Disabling RNG early entropy source...[0m
[0;32mI (460) quad_psram: This chip is ESP32-D0WD[0m
[0;32mI (462) esp_psram: Found 8MB PSRAM device[0m
[0;32mI (462) esp_psram: Speed: 40MHz[0m
[0;32mI (462) esp_psram: PSRAM initialized, cache is in low/high (2-core) mode.[0m
[0;33mW (468) esp_psram: Virtual address not enough for PSRAM, map as much as we can. 4MB is mapped[0m
[0;32mI (476) cpu_start: Multicore app[0m
[0;32mI (1384) esp_psram: SPI SRAM memory test OK[0m
[0;32mI (1392) cpu_start: Pro cpu start user code[0m
[0;32mI (1392) cpu_start: cpu freq: 240000000 Hz[0m
[0;32mI (1392) app_init: Application information:[0m
[0;32mI (1393) app_init: Project name:     hotpin-firmware[0m
[0;32mI (1397) app_init: App version:      0ba5223-dirty[0m
[0;32mI (1402) app_init: Compile time:     Oct 31 2025 00:13:59[0m
[0;32mI (1407) app_init: ELF file SHA256:  86872e917...[0m
[0;32mI (1411) app_init: ESP-IDF:          v5.4.2-dirty[0m
[0;32mI (1416) efuse_init: Min chip rev:     v0.0[0m
[0;32mI (1420) efuse_init: Max chip rev:     v3.99 [0m
[0;32mI (1424) efuse_init: Chip rev:         v3.1[0m
[0;32mI (1428) heap_init: Initializing. RAM available for dynamic allocation:[0m
[0;32mI (1434) heap_init: At 3FFAE6E0 len 00001920 (6 KiB): DRAM[0m
[0;32mI (1439) heap_init: At 3FFB8A40 len 000275C0 (157 KiB): DRAM[0m
[0;32mI (1445) heap_init: At 3FFE0440 len 00003AE0 (14 KiB): D/IRAM[0m
[0;32mI (1450) heap_init: At 3FFE4350 len 0001BCB0 (111 KiB): D/IRAM[0m
[0;32mI (1456) heap_init: At 4009C01C len 00003FE4 (15 KiB): IRAM[0m
[0;32mI (1461) esp_psram: Adding pool of 4096K of PSRAM memory to heap allocator[0m
[0;32mI (1468) spi_flash: detected chip: generic[0m
[0;32mI (1471) spi_flash: flash io: dio[0m
[0;33mW (1474) spi_flash: Detected size(4096k) larger than the size in the binary image header(2048k). Using the size in the binary image header.[0m
[0;33mW (1487) ADC: legacy driver is deprecated, please migrate to `esp_adc/adc_oneshot.h`[0m
[0;33mW (1494) i2s(legacy): legacy i2s driver is deprecated, please migrate to use driver/i2s_std.h, driver/i2s_pdm.h or driver/i2s_tdm.h[0m
[0;32mI (1507) main_task: Started on CPU0[0m
[0;32mI (1517) esp_psram: Reserving pool of 32K of internal memory for DMA/internal allocations[0m
[0;32mI (1517) main_task: Calling app_main()[0m
[0;32mI (1517) HOTPIN: Starting HotPin Firmware[0m
[0;32mI (1547) HOTPIN: Generated unique session ID: hotpin-8462e0-000000-8163[0m
[0;32mI (1547) PSRAM: PSRAM available: 8388608 bytes[0m
[0;32mI (1547) GPIO: Initializing GPIO pins[0m
[0;32mI (1547) gpio: GPIO[12]| InputEn: 1| OutputEn: 0| OpenDrain: 0| Pullup: 1| Pulldown: 0| Intr:0 [0m
[0;32mI (1557) gpio: GPIO[33]| InputEn: 0| OutputEn: 1| OpenDrain: 0| Pullup: 0| Pulldown: 0| Intr:0 [0m
[0;32mI (1567) GPIO: GPIO initialization complete[0m
[0;32mI (1717) POOL: Allocated 256000 bytes chunk pool from PSRAM[0m
[0;32mI (1767) WIFI: Initializing WiFi[0m
[0;32mI (1777) wifi:wifi driver task: 3ffc9058, prio:23, stack:6656, core=0[0m
[0;32mI (1787) wifi:wifi firmware version: bea31f3[0m
[0;32mI (1787) wifi:wifi certification version: v7.0[0m
[0;32mI (1787) wifi:config NVS flash: enabled[0m
[0;32mI (1787) wifi:config nano formatting: disabled[0m
[0;32mI (1787) wifi:Init data frame dynamic rx buffer num: 32[0m
[0;32mI (1797) wifi:Init static rx mgmt buffer num: 5[0m
[0;32mI (1797) wifi:Init management short buffer num: 32[0m
[0;32mI (1807) wifi:Init dynamic tx buffer num: 32[0m
[0;32mI (1807) wifi:Init static rx buffer size: 1600[0m
[0;32mI (1807) wifi:Init static rx buffer num: 10[0m
[0;32mI (1817) wifi:Init dynamic rx buffer num: 32[0m
[0;32mI (1817) wifi_init: rx ba win: 6[0m
[0;32mI (1827) wifi_init: accept mbox: 6[0m
[0;32mI (1827) wifi_init: tcpip mbox: 32[0m
[0;32mI (1827) wifi_init: udp mbox: 6[0m
[0;32mI (1827) wifi_init: tcp mbox: 6[0m
[0;32mI (1837) wifi_init: tcp tx win: 5760[0m
[0;32mI (1837) wifi_init: tcp rx win: 5760[0m
[0;32mI (1837) wifi_init: tcp mss: 1440[0m
[0;32mI (1847) wifi_init: WiFi IRAM OP enabled[0m
[0;32mI (1847) wifi_init: WiFi RX IRAM OP enabled[0m
[0;32mI (1857) WIFI: Starting WiFi...[0m
[0;32mI (1857) phy_init: phy_version 4860,6b7a6e5,Feb  6 2025,14:47:07[0m
[0;32mI (1927) phy_init: Saving new calibration data due to checksum failure or outdated calibration data, mode(0)[0m
[0;32mI (2007) wifi:mode : sta (2c:bc:bb:84:62:e0)[0m
[0;32mI (2007) wifi:enable tsf[0m
[0;32mI (2007) WIFI: Connecting to WiFi network: wifi[0m
[0;32mI (2017) WIFI: WiFi initialization complete[0m
[0;32mI (2017) wifi:new:<11,0>, old:<1,0>, ap:<255,255>, sta:<11,0>, prof:1, snd_ch_cfg:0x0[0m
[0;32mI (2017) wifi:state: init -> auth (0xb0)[0m
[0;32mI (2547) HOTPIN: Waiting for IP address before starting WebSocket...[0m
[0;32mI (2887) wifi:state: auth -> assoc (0x0)[0m
[0;32mI (2897) wifi:state: assoc -> run (0x10)[0m
[0;32mI (2927) wifi:connected with wifi, aid = 3, channel 11, BW20, bssid = ee:d4:b9:ed:90:50[0m
[0;32mI (2927) wifi:security: WPA3-SAE, phy: bgn, rssi: -51[0m
[0;32mI (2937) wifi:pm start, type: 1[0m

[0;32mI (2937) wifi:dp: 1, bi: 102400, li: 3, scale listen interval from 307200 us to 307200 us[0m
[0;32mI (2947) wifi:<ba-add>idx:0 (ifx:0, ee:d4:b9:ed:90:50), tid:0, ssn:0, winSize:64[0m
[0;32mI (2997) wifi:dp: 2, bi: 102400, li: 4, scale listen interval from 307200 us to 409600 us[0m
[0;32mI (2997) wifi:AP's beacon interval = 102400 us, DTIM period = 2[0m
[0;32mI (3977) esp_netif_handlers: sta ip: 10.143.111.105, mask: 255.255.255.0, gw: 10.143.111.248[0m
[0;32mI (3987) HOTPIN: IP address obtained, initializing WebSocket[0m
[0;32mI (3987) WS: Initializing WebSocket client[0m
[0;32mI (3987) WS: Regenerating session ID for initial connection[0m
[0;32mI (3987) HOTPIN: Generated unique session ID: hotpin-8462e0-000002-0f70[0m
[0;32mI (3997) CONFIG: Initializing dynamic configuration management[0m
[0;32mI (3997) CONFIG: Found pre-configured URL, applying authentication parameters without server fetch[0m
[0;32mI (4007) CONFIG: Dynamic configuration initialized with pre-configured URL: ws://10.91.158.164:8000/ws?session=hotpin-8462e0-000002-0f70&token=mysecrettoken123[0m
[0;32mI (4017) WS: Local WebSocket URL for client connections: ws://10.143.111.105:8000/ws[0m
[0;32mI (4027) WS: Connect other devices to this URL to interact with this HotPin device on the local network[0m
[0;32mI (4037) WS: Using WebSocket URL: ws://10.91.158.164:8000/ws?session=hotpin-8462e0-000002-0f70&token=mysecrettoken123[0m
[0;32mI (4057) websocket_client: Started[0m
[0;32mI (4057) WS: WebSocket client initialized with session ID: hotpin-8462e0-000002-0f70[0m
[0;32mI (4067) I2S: I2S initialized successfully[0m
[0;32mI (4167) WS: Starting WebSocket task - handling handshake and connection management[0m
[0;32mI (4167) WS: Starting WebSocket message processing task[0m
[0;33mW (4167) CAMERA: Camera task started but camera is disabled[0m
[0;32mI (4167) HOTPIN: All tasks created, system ready[0m
[0;32mI (4327) WS: WebSocket connected[0m
[0;32mI (4367) WS: WebSocket connected, performing handshake...[0m
[0;32mI (4367) WS: Handshake message sent successfully[0m
[1;31mE (4367) WS: Failed to send WebSocket text: ERROR (0x4a)[0m
[0;32mI (5367) STATE: State changed: BOOTING -> IDLE[0m
[0;32mI (21187) STATE: Switching I2S to RX mode for recording[0m
[0;32mI (21187) STATE: Pausing audio capture task during I2S reconfiguration[0m
[0;32mI (21187) I2S: I2S driver uninstalled[0m
[0;32mI (21287) STATE: I2S configured for RX mode (recording)[0m
[0;32mI (21287) STATE: Resuming audio capture task after I2S reconfiguration[0m
[1;31mE (21287) WS: Failed to send WebSocket text: ERROR (0x27)[0m
[0;32mI (21487) STATE: State changed: IDLE -> RECORDING[0m
[1;31mE (21807) WS: Failed to send WebSocket text: ERROR (0x55)[0m
[0;32mI (21807) WS: Server ready message received[0m
[0;32mI (21807) STATE: Leaving audio state, cleaning up I2S[0m
[0;32mI (21807) STATE: Pausing audio capture task during I2S cleanup[0m
[1;31mE (21857) WS: Failed to send WebSocket binary: ERROR (0x3e80)[0m
[1;31mE (26817) I2S: Failed to take I2S mutex for uninstall[0m
[0;32mI (26817) STATE: Resuming audio capture task after I2S cleanup[0m
[1;31mE (26817) WS: Failed to send WebSocket text: ERROR (0x1c)[0m
[1;31mE (27117) WS: Failed to send WebSocket text: ERROR (0x55)[0m
[1;31mE (27157) WS: Failed to send WebSocket binary: ERROR (0x3e80)[0m
Guru Meditation Error: Core  0 panic'ed (LoadProhibited). Exception was unhandled.

Core  0 register dump:
PC      : 0x40093000  PS      : 0x00060b33  A0      : 0x80092e3b  A1      : 0x3ffdb6e0  
A2      : 0x3f800014  A3      : 0x3f804774  A4      : 0x00000008  A5      : 0x3f4098c7  
A6      : 0xfef0fef0  A7      : 0x3f80476c  A8      : 0xfef2fef3  A9      : 0xfef2fef2  
A10     : 0x00000002  A11     : 0x3f80476c  A12     : 0x3ffdb5c4  A13     : 0x00060b23  
A14     : 0x3ffdb5a0  A15     : 0x0000cdcd  SAR     : 0x00000004  EXCCAUSE: 0x0000001c  
EXCVADDR: 0xfef0fef4  LBEG    : 0x4008b8a9  LEND    : 0x4008b8b9  LCOUNT  : 0xfffffffe  


Backtrace: 0x40092ffd:0x3ffdb6e0 0x40092e38:0x3ffdb700 0x4008278b:0x3ffdb720 0x40095bb9:0x3ffdb740 0x400df04a:0x3ffdb760 0x4008e6e5:0x3ffdb7a0




ELF file SHA256: 86872e917

Rebooting...
[0;32mI (13) boot: ESP-IDF v5.4.2-dirty 2nd stage bootloader[0m
[0;32mI (13) boot: compile time Oct 31 2025 00:14:15[0m
[0;32mI (13) boot: Multicore bootloader[0m
[0;32mI (14) boot: chip revision: v3.1[0m
[0;32mI (16) boot.esp32: SPI Speed      : 40MHz[0m
[0;32mI (20) boot.esp32: SPI Mode       : DIO[0m
[0;32mI (24) boot.esp32: SPI Flash Size : 2MB[0m
[0;32mI (27) boot: Enabling RNG early entropy source...[0m
[0;32mI (32) boot: Partition Table:[0m
[0;32mI (34) boot: ## Label            Usage          Type ST Offset   Length[0m
[0;32mI (41) boot:  0 nvs              WiFi data        01 02 00009000 00006000[0m
[0;32mI (47) boot:  1 phy_init         RF data          01 01 0000f000 00001000[0m
[0;32mI (54) boot:  2 factory          factory app      00 00 00010000 00100000[0m
[0;32mI (60) boot: End of partition table[0m
[0;32mI (64) esp_image: segment 0: paddr=00010020 vaddr=3f400020 size=2716ch (160108) map[0m
[0;32mI (126) esp_image: segment 1: paddr=00037194 vaddr=3ff80000 size=0001ch (    28) load[0m
[0;32mI (126) esp_image: segment 2: paddr=000371b8 vaddr=3ffb0000 size=040f8h ( 16632) load[0m
[0;32mI (136) esp_image: segment 3: paddr=0003b2b8 vaddr=40080000 size=04d60h ( 19808) load[0m
[0;32mI (145) esp_image: segment 4: paddr=00040020 vaddr=400d0020 size=b57d8h (743384) map[0m
[0;32mI (399) esp_image: segment 5: paddr=000f5800 vaddr=40084d60 size=172bch ( 94908) load[0m
[0;32mI (449) boot: Loaded app from partition at offset 0x10000[0m
[0;32mI (449) boot: Disabling RNG early entropy source...[0m
[0;32mI (460) quad_psram: This chip is ESP32-D0WD[0m
[0;32mI (461) esp_psram: Found 8MB PSRAM device[0m
[0;32mI (462) esp_psram: Speed: 40MHz[0m
[0;32mI (462) esp_psram: PSRAM initialized, cache is in low/high (2-core) mode.[0m
[0;33mW (467) esp_psram: Virtual address not enough for PSRAM, map as much as we can. 4MB is mapped[0m
[0;32mI (475) cpu_start: Multicore app[0m
[0;32mI (1384) esp_psram: SPI SRAM memory test OK[0m
[0;32mI (1392) cpu_start: Pro cpu start user code[0m
[0;32mI (1392) cpu_start: cpu freq: 240000000 Hz[0m
[0;32mI (1392) app_init: Application information:[0m
[0;32mI (1392) app_init: Project name:     hotpin-firmware[0m
[0;32mI (1397) app_init: App version:      0ba5223-dirty[0m
[0;32mI (1401) app_init: Compile time:     Oct 31 2025 00:13:59[0m
[0;32mI (1407) app_init: ELF file SHA256:  86872e917...[0m
[0;32mI (1411) app_init: ESP-IDF:          v5.4.2-dirty[0m
[0;32mI (1415) efuse_init: Min chip rev:     v0.0[0m
[0;32mI (1419) efuse_init: Max chip rev:     v3.99 [0m
[0;32mI (1423) efuse_init: Chip rev:         v3.1[0m
[0;32mI (1428) heap_init: Initializing. RAM available for dynamic allocation:[0m
[0;32mI (1434) heap_init: At 3FFAE6E0 len 00001920 (6 KiB): DRAM[0m
[0;32mI (1439) heap_init: At 3FFB8A40 len 000275C0 (157 KiB): DRAM[0m
[0;32mI (1444) heap_init: At 3FFE0440 len 00003AE0 (14 KiB): D/IRAM[0m
[0;32mI (1450) heap_init: At 3FFE4350 len 0001BCB0 (111 KiB): D/IRAM[0m
[0;32mI (1455) heap_init: At 4009C01C len 00003FE4 (15 KiB): IRAM[0m
[0;32mI (1461) esp_psram: Adding pool of 4096K of PSRAM memory to heap allocator[0m
[0;32mI (1468) spi_flash: detected chip: generic[0m
[0;32mI (1471) spi_flash: flash io: dio[0m
[0;33mW (1474) spi_flash: Detected size(4096k) larger than the size in the binary image header(2048k). Using the size in the binary image header.[0m
[0;33mW (1486) ADC: legacy driver is deprecated, please migrate to `esp_adc/adc_oneshot.h`[0m
[0;33mW (1494) i2s(legacy): legacy i2s driver is deprecated, please migrate to use driver/i2s_std.h, driver/i2s_pdm.h or driver/i2s_tdm.h[0m
[0;32mI (1506) main_task: Started on CPU0[0m
[0;32mI (1516) esp_psram: Reserving pool of 32K of internal memory for DMA/internal allocations[0m
[0;32mI (1516) main_task: Calling app_main()[0m
[0;32mI (1516) HOTPIN: Starting HotPin Firmware[0m
[0;32mI (1546) HOTPIN: Generated unique session ID: hotpin-8462e0-000000-c8c3[0m
[0;32mI (1546) PSRAM: PSRAM available: 8388608 bytes[0m
[0;32mI (1546) GPIO: Initializing GPIO pins[0m
[0;32mI (1546) gpio: GPIO[12]| InputEn: 1| OutputEn: 0| OpenDrain: 0| Pullup: 1| Pulldown: 0| Intr:0 [0m
[0;32mI (1556) gpio: GPIO[33]| InputEn: 0| OutputEn: 1| OpenDrain: 0| Pullup: 0| Pulldown: 0| Intr:0 [0m
[0;32mI (1566) GPIO: GPIO initialization complete[0m
[0;32mI (1716) POOL: Allocated 256000 bytes chunk pool from PSRAM[0m
[0;32mI (1766) WIFI: Initializing WiFi[0m
[0;32mI (1776) wifi:wifi driver task: 3ffc90dc, prio:23, stack:6656, core=0[0m
[0;32mI (1786) wifi:wifi firmware version: bea31f3[0m
[0;32mI (1786) wifi:wifi certification version: v7.0[0m
[0;32mI (1786) wifi:config NVS flash: enabled[0m
[0;32mI (1786) wifi:config nano formatting: disabled[0m
[0;32mI (1786) wifi:Init data frame dynamic rx buffer num: 32[0m
[0;32mI (1796) wifi:Init static rx mgmt buffer num: 5[0m
[0;32mI (1796) wifi:Init management short buffer num: 32[0m
[0;32mI (1806) wifi:Init dynamic tx buffer num: 32[0m
[0;32mI (1806) wifi:Init static rx buffer size: 1600[0m
[0;32mI (1816) wifi:Init static rx buffer num: 10[0m
[0;32mI (1816) wifi:Init dynamic rx buffer num: 32[0m
[0;32mI (1816) wifi_init: rx ba win: 6[0m
[0;32mI (1826) wifi_init: accept mbox: 6[0m
[0;32mI (1826) wifi_init: tcpip mbox: 32[0m
[0;32mI (1826) wifi_init: udp mbox: 6[0m
[0;32mI (1826) wifi_init: tcp mbox: 6[0m
[0;32mI (1836) wifi_init: tcp tx win: 5760[0m
[0;32mI (1836) wifi_init: tcp rx win: 5760[0m
[0;32mI (1836) wifi_init: tcp mss: 1440[0m
[0;32mI (1846) wifi_init: WiFi IRAM OP enabled[0m
[0;32mI (1846) wifi_init: WiFi RX IRAM OP enabled[0m
[0;32mI (1856) WIFI: Starting WiFi...[0m
[0;32mI (1856) phy_init: phy_version 4860,6b7a6e5,Feb  6 2025,14:47:07[0m
[0;32mI (1926) phy_init: Saving new calibration data due to checksum failure or outdated calibration data, mode(0)[0m
[0;32mI (1956) wifi:mode : sta (2c:bc:bb:84:62:e0)[0m
[0;32mI (1956) wifi:enable tsf[0m
[0;32mI (1956) WIFI: Connecting to WiFi network: wifi[0m
[0;32mI (1966) WIFI: WiFi initialization complete[0m
[0;32mI (1976) wifi:new:<11,0>, old:<1,0>, ap:<255,255>, sta:<11,0>, prof:1, snd_ch_cfg:0x0[0m
[0;32mI (1976) wifi:state: init -> auth (0xb0)[0m
[0;32mI (2496) HOTPIN: Waiting for IP address before starting WebSocket...[0m
[0;32mI (2836) wifi:state: auth -> assoc (0x0)[0m
[0;32mI (2846) wifi:Association refused temporarily time 1100, comeback time 1200 (TUs)[0m
[0;32mI (4066) wifi:state: assoc -> auth (0xb0)[0m
[0;32mI (4906) wifi:state: auth -> assoc (0x0)[0m
[0;32mI (4916) wifi:state: assoc -> run (0x10)[0m
[0;32mI (4946) wifi:connected with wifi, aid = 3, channel 11, BW20, bssid = ee:d4:b9:ed:90:50[0m
[0;32mI (4946) wifi:security: WPA3-SAE, phy: bgn, rssi: -51[0m
[0;32mI (4956) wifi:pm start, type: 1[0m

[0;32mI (4956) wifi:dp: 1, bi: 102400, li: 3, scale listen interval from 307200 us to 307200 us[0m
[0;32mI (4966) wifi:<ba-add>idx:0 (ifx:0, ee:d4:b9:ed:90:50), tid:0, ssn:0, winSize:64[0m
[0;32mI (5036) wifi:dp: 2, bi: 102400, li: 4, scale listen interval from 307200 us to 409600 us[0m
[0;32mI (5036) wifi:AP's beacon interval = 102400 us, DTIM period = 2[0m
[0;32mI (5996) esp_netif_handlers: sta ip: 10.143.111.105, mask: 255.255.255.0, gw: 10.143.111.248[0m
[0;32mI (6006) HOTPIN: IP address obtained, initializing WebSocket[0m
[0;32mI (6006) WS: Initializing WebSocket client[0m
[0;32mI (6006) WS: Regenerating session ID for initial connection[0m
[0;32mI (6006) HOTPIN: Generated unique session ID: hotpin-8462e0-000004-7c96[0m
[0;32mI (6016) CONFIG: Initializing dynamic configuration management[0m
[0;32mI (6016) CONFIG: Found pre-configured URL, applying authentication parameters without server fetch[0m
[0;32mI (6026) CONFIG: Dynamic configuration initialized with pre-configured URL: ws://10.91.158.164:8000/ws?session=hotpin-8462e0-000004-7c96&token=mysecrettoken123[0m
[0;32mI (6036) WS: Local WebSocket URL for client connections: ws://10.143.111.105:8000/ws[0m
[0;32mI (6046) WS: Connect other devices to this URL to interact with this HotPin device on the local network[0m
[0;32mI (6056) WS: Using WebSocket URL: ws://10.91.158.164:8000/ws?session=hotpin-8462e0-000004-7c96&token=mysecrettoken123[0m
[0;32mI (6076) websocket_client: Started[0m
[0;32mI (6076) WS: WebSocket client initialized with session ID: hotpin-8462e0-000004-7c96[0m
[0;32mI (6086) I2S: I2S initialized successfully[0m
[1;31mE (6106) transport_ws: Sec-WebSocket-Accept not found[0m
[1;31mE (6106) websocket_client: esp_transport_connect() failed with -1, transport_error=ESP_OK, tls_error_code=0, tls_flags=0, esp_ws_handshake_status_code=403, errno=119[0m
[1;31mE (6116) WS: WebSocket error[0m
[0;32mI (6116) STATE: State changed: BOOTING -> STALLED[0m
[0;32mI (6116) WS: WebSocket error - scheduling reconnection[0m
[0;32mI (6126) websocket_client: Reconnect after 10000 ms[0m
[0;33mW (6126) WS: WebSocket disconnected[0m
[0;32mI (6136) STATE: State changed: STALLED -> STALLED[0m
[0;32mI (6136) WS: Regenerating session ID for new connection attempt[0m
[0;32mI (6146) HOTPIN: Generated unique session ID: hotpin-8462e0-000004-9474[0m
[0;32mI (6146) WS: Waiting for server session cleanup...[0m
[0;32mI (6186) WS: Starting WebSocket task - handling handshake and connection management[0m
[0;32mI (6186) WS: Starting WebSocket message processing task[0m
[0;33mW (6186) CAMERA: Camera task started but camera is disabled[0m
[0;32mI (6186) HOTPIN: All tasks created, system ready[0m
[0;32mI (11156) WS: Attempting WebSocket reconnection in 1 seconds...[0m
[0;33mW (11186) WS: WebSocket connection not established after timeout, will continue to monitor[0m
[0;33mW (11186) WS: WebSocket disconnected (failure 1/10), will continue to monitor[0m
[1;31mE (12156) websocket_client: The client has started[0m
[1;31mE (12156) WS: WebSocket reconnection failed: ESP_FAIL[0m
[0;32mI (12156) WS: Attempting WebSocket reconnection in 2 seconds...[0m
[1;31mE (14156) websocket_client: The client has started[0m
[1;31mE (14156) WS: WebSocket reconnection failed: ESP_FAIL[0m
[0;32mI (14156) WS: Attempting WebSocket reconnection in 4 seconds...[0m
[0;33mW (16186) WS: WebSocket disconnected (failure 2/10), will continue to monitor[0m
[1;31mE (18156) websocket_client: The client has started[0m
[1;31mE (18156) WS: WebSocket reconnection failed: ESP_FAIL[0m
[0;32mI (18156) WS: Attempting WebSocket reconnection in 8 seconds...[0m
ï¿½ï¿½    