ets Jul 29 2019 12:21:46

rst:0x1 (POWERON_RESET),boot:0x33 (SPI_FAST_FLASH_BOOT)
invalid header: 0xffffffff
invalid header: 0xffffffff
invalid header: 0xffffffff
invalid header: 0xffffffff
invalid header: 0xffffffff
invalid header: 0xffffffff
invalid header: 0xffffffff
invalid header: 0xffffffff
ets Jul 29 2019 12:21:46

rst:0x10 (RTCWDT_RTC_RESET),boot:0x33 (SPI_FAST_FLASH_BOOT)
invalid header: 0xffffffff
invalid header: 0xffffffff
invalid header: 0xffffffff
invalid header: 0xffffffff
invalid header: 0xffffffff
invalid header: 0xffffffff
invalid header: 0xffffffff
invalid header: 0xffffffff
ets Jul 29 2019 12:21:46

rst:0x10 (RTCWDT_RTC_RESET),boot:0x33 (SPI_FAST_FLASH_BOOT)
invalid header: 0xffffffff
invalid header: 0xffffffff
invalid header: 0xffffffff
invalid header: 0xffffffff
invalid header: 0xffffffff
invalid header: 0xffffffff
invalid header: 0xffffffff
invalid header: 0xffffffff
ets Jul 29 2019 12:21:46

rst:0x10 (RTCWDT_RTC_RESET),boot:0x33 (SPI_FAST_FLASH_BOOT)
invalid header: 0xffffffff
invalid header: 0xffffffff
invalid header: 0xffffffff
invalid header: 0xffffffff
invalid header: 0xffffffff
invalid header: 0xffffffff
invalid header: 0xffffffff
invalid header: 0xffffffff
ets Jul 29 2019 12:21:46

rst:0x10 (RTCWDT_RTC_RESET),boot:0x33 (SPI_FAST_FLASH_BOOT)
[0;32mI (13) boot: ESP-IDF v5.4.2-dirty 2nd stage bootloader[0m
[0;32mI (13) boot: compile time Oct 30 2025 18:21:17[0m
[0;32mI (13) boot: Multicore bootloader[0m
[0;32mI (14) boot: chip revision: v3.1[0m
[0;32mI (17) boot.esp32: SPI Speed      : 40MHz[0m
[0;32mI (21) boot.esp32: SPI Mode       : DIO[0m
[0;32mI (24) boot.esp32: SPI Flash Size : 2MB[0m
[0;32mI (28) boot: Enabling RNG early entropy source...[0m
[0;32mI (32) boot: Partition Table:[0m
[0;32mI (35) boot: ## Label            Usage          Type ST Offset   Length[0m
[0;32mI (41) boot:  0 nvs              WiFi data        01 02 00009000 00006000[0m
[0;32mI (48) boot:  1 phy_init         RF data          01 01 0000f000 00001000[0m
[0;32mI (54) boot:  2 factory          factory app      00 00 00010000 00100000[0m
[0;32mI (61) boot: End of partition table[0m
[0;32mI (64) esp_image: segment 0: paddr=00010020 vaddr=3f400020 size=26f4ch (159564) map[0m
[0;32mI (126) esp_image: segment 1: paddr=00036f74 vaddr=3ff80000 size=0001ch (    28) load[0m
[0;32mI (126) esp_image: segment 2: paddr=00036f98 vaddr=3ffb0000 size=040f8h ( 16632) load[0m
[0;32mI (136) esp_image: segment 3: paddr=0003b098 vaddr=40080000 size=04f80h ( 20352) load[0m
[0;32mI (145) esp_image: segment 4: paddr=00040020 vaddr=400d0020 size=b564ch (742988) map[0m
[0;32mI (399) esp_image: segment 5: paddr=000f5674 vaddr=40084f80 size=16f58h ( 94040) load[0m
[0;32mI (449) boot: Loaded app from partition at offset 0x10000[0m
[0;32mI (449) boot: Disabling RNG early entropy source...[0m
[0;32mI (460) quad_psram: This chip is ESP32-D0WD[0m
[0;32mI (461) esp_psram: Found 8MB PSRAM device[0m
[0;32mI (462) esp_psram: Speed: 40MHz[0m
[0;32mI (462) esp_psram: PSRAM initialized, cache is in low/high (2-core) mode.[0m
[0;33mW (467) esp_psram: Virtual address not enough for PSRAM, map as much as we can. 4MB is mapped[0m
[0;32mI (475) cpu_start: Multicore app[0m
[0;32mI (1383) esp_psram: SPI SRAM memory test OK[0m
[0;32mI (1392) cpu_start: Pro cpu start user code[0m
[0;32mI (1392) cpu_start: cpu freq: 240000000 Hz[0m
[0;32mI (1392) app_init: Application information:[0m
[0;32mI (1392) app_init: Project name:     hotpin-firmware[0m
[0;32mI (1397) app_init: App version:      4bb67bd-dirty[0m
[0;32mI (1401) app_init: Compile time:     Oct 30 2025 18:21:05[0m
[0;32mI (1406) app_init: ELF file SHA256:  372060bc2...[0m
[0;32mI (1411) app_init: ESP-IDF:          v5.4.2-dirty[0m
[0;32mI (1415) efuse_init: Min chip rev:     v0.0[0m
[0;32mI (1419) efuse_init: Max chip rev:     v3.99 [0m
[0;32mI (1423) efuse_init: Chip rev:         v3.1[0m
[0;32mI (1427) heap_init: Initializing. RAM available for dynamic allocation:[0m
[0;32mI (1434) heap_init: At 3FFAE6E0 len 00001920 (6 KiB): DRAM[0m
[0;32mI (1439) heap_init: At 3FFB8A40 len 000275C0 (157 KiB): DRAM[0m
[0;32mI (1444) heap_init: At 3FFE0440 len 00003AE0 (14 KiB): D/IRAM[0m
[0;32mI (1449) heap_init: At 3FFE4350 len 0001BCB0 (111 KiB): D/IRAM[0m
[0;32mI (1455) heap_init: At 4009BED8 len 00004128 (16 KiB): IRAM[0m
[0;32mI (1461) esp_psram: Adding pool of 4096K of PSRAM memory to heap allocator[0m
[0;32mI (1468) spi_flash: detected chip: generic[0m
[0;32mI (1471) spi_flash: flash io: dio[0m
[0;33mW (1474) spi_flash: Detected size(4096k) larger than the size in the binary image header(2048k). Using the size in the binary image header.[0m
[0;33mW (1486) ADC: legacy driver is deprecated, please migrate to `esp_adc/adc_oneshot.h`[0m
[0;33mW (1493) i2s(legacy): legacy i2s driver is deprecated, please migrate to use driver/i2s_std.h, driver/i2s_pdm.h or driver/i2s_tdm.h[0m
[0;32mI (1506) main_task: Started on CPU0[0m
[0;32mI (1516) esp_psram: Reserving pool of 32K of internal memory for DMA/internal allocations[0m
[0;32mI (1516) main_task: Calling app_main()[0m
[0;32mI (1516) HOTPIN: Starting HotPin Firmware[0m
[0;32mI (1546) HOTPIN: Generated unique session ID: hotpin-8462e0-000000-bff4[0m
[0;32mI (1546) PSRAM: PSRAM available: 8388608 bytes[0m
[0;32mI (1546) GPIO: Initializing GPIO pins[0m
[0;32mI (1546) gpio: GPIO[12]| InputEn: 1| OutputEn: 0| OpenDrain: 0| Pullup: 1| Pulldown: 0| Intr:0 [0m
[0;32mI (1556) gpio: GPIO[33]| InputEn: 0| OutputEn: 1| OpenDrain: 0| Pullup: 0| Pulldown: 0| Intr:0 [0m
[0;32mI (1566) GPIO: GPIO initialization complete[0m
[0;32mI (1716) POOL: Allocated 256000 bytes chunk pool from PSRAM[0m
[0;32mI (1766) WIFI: Initializing WiFi[0m
[0;32mI (1776) wifi:wifi driver task: 3ffc90dc, prio:23, stack:6656, core=0[0m
[0;32mI (1786) wifi:wifi firmware version: bea31f3[0m
[0;32mI (1786) wifi:wifi certification version: v7.0[0m
[0;32mI (1786) wifi:config NVS flash: enabled[0m
[0;32mI (1786) wifi:config nano formatting: disabled[0m
[0;32mI (1786) wifi:Init data frame dynamic rx buffer num: 32[0m
[0;32mI (1796) wifi:Init static rx mgmt buffer num: 5[0m
[0;32mI (1796) wifi:Init management short buffer num: 32[0m
[0;32mI (1806) wifi:Init dynamic tx buffer num: 32[0m
[0;32mI (1806) wifi:Init static rx buffer size: 1600[0m
[0;32mI (1806) wifi:Init static rx buffer num: 10[0m
[0;32mI (1816) wifi:Init dynamic rx buffer num: 32[0m
[0;32mI (1816) wifi_init: rx ba win: 6[0m
[0;32mI (1816) wifi_init: accept mbox: 6[0m
[0;32mI (1826) wifi_init: tcpip mbox: 32[0m
[0;32mI (1826) wifi_init: udp mbox: 6[0m
[0;32mI (1826) wifi_init: tcp mbox: 6[0m
[0;32mI (1836) wifi_init: tcp tx win: 5760[0m
[0;32mI (1836) wifi_init: tcp rx win: 5760[0m
[0;32mI (1836) wifi_init: tcp mss: 1440[0m
[0;32mI (1846) wifi_init: WiFi IRAM OP enabled[0m
[0;32mI (1846) wifi_init: WiFi RX IRAM OP enabled[0m
[0;32mI (1846) WIFI: Starting WiFi...[0m
[0;32mI (1856) phy_init: phy_version 4860,6b7a6e5,Feb  6 2025,14:47:07[0m
[0;32mI (1926) phy_init: Saving new calibration data due to checksum failure or outdated calibration data, mode(0)[0m
[0;32mI (2006) wifi:mode : sta (2c:bc:bb:84:62:e0)[0m
[0;32mI (2006) wifi:enable tsf[0m
[0;32mI (2006) WIFI: Connecting to WiFi network: wifi[0m
[0;32mI (2006) WIFI: WiFi initialization complete[0m
[0;32mI (2016) wifi:new:<11,0>, old:<1,0>, ap:<255,255>, sta:<11,0>, prof:1, snd_ch_cfg:0x0[0m
[0;32mI (2016) wifi:state: init -> auth (0xb0)[0m
[0;32mI (2566) HOTPIN: Waiting for IP address before starting WebSocket...[0m
[0;32mI (2976) wifi:state: auth -> assoc (0x0)[0m
[0;32mI (2986) wifi:state: assoc -> run (0x10)[0m
[0;32mI (3036) wifi:connected with wifi, aid = 1, channel 11, BW20, bssid = ee:d4:b9:ed:90:50[0m
[0;32mI (3036) wifi:security: WPA3-SAE, phy: bgn, rssi: -67[0m
[0;32mI (3036) wifi:pm start, type: 1[0m

[0;32mI (3036) wifi:dp: 1, bi: 102400, li: 3, scale listen interval from 307200 us to 307200 us[0m
[0;32mI (3046) wifi:<ba-add>idx:0 (ifx:0, ee:d4:b9:ed:90:50), tid:0, ssn:0, winSize:64[0m
[0;32mI (3106) wifi:dp: 2, bi: 102400, li: 4, scale listen interval from 307200 us to 409600 us[0m
[0;32mI (3106) wifi:AP's beacon interval = 102400 us, DTIM period = 2[0m
[0;32mI (4086) esp_netif_handlers: sta ip: 10.143.111.105, mask: 255.255.255.0, gw: 10.143.111.248[0m
[0;32mI (4166) HOTPIN: IP address obtained, initializing WebSocket[0m
[0;32mI (4166) WS: Initializing WebSocket client[0m
[0;32mI (4166) CONFIG: Initializing dynamic configuration management[0m
[0;32mI (4166) CONFIG: Found pre-configured URL, applying authentication parameters without server fetch[0m
[0;32mI (4176) CONFIG: Dynamic configuration initialized with pre-configured URL: ws://10.70.101.155:8000/ws?session=hotpin-8462e0-000000-bff4&token=mysecrettoken123[0m
[0;32mI (4186) WS: Local WebSocket URL for client connections: ws://10.143.111.105:8000/ws[0m
[0;32mI (4196) WS: Connect other devices to this URL to interact with this HotPin device on the local network[0m
[0;32mI (4206) WS: Using WebSocket URL: ws://10.70.101.155:8000/ws?session=hotpin-8462e0-000000-bff4&token=mysecrettoken123[0m
[0;32mI (4226) websocket_client: Started[0m
[0;32mI (4226) WS: WebSocket client initialized[0m
[0;32mI (4226) I2S: I2S initialized successfully[0m
[0;32mI (4286) WS: WebSocket connected[0m
[0;32mI (4296) WS: Server ready message received[0m
[0;32mI (4326) WS: Starting WebSocket task - handling handshake and connection management[0m
[0;32mI (4326) WS: WebSocket connected, performing handshake...[0m
[0;32mI (4326) WS: Handshake message sent successfully[0m
[0;32mI (4326) WS: Starting WebSocket message processing task[0m
[0;33mW (4336) CAMERA: Camera task started but camera is disabled[0m
[1;31mE (4336) WS: Failed to send WebSocket text: ERROR (0x4a)[0m
[0;32mI (4336) HOTPIN: All tasks created, system ready[0m
[0;32mI (5296) STATE: State changed: BOOTING -> IDLE[0m
[0;32mI (6296) STATE: State changed: IDLE -> IDLE[0m
[0;32mI (10616) STATE: Switching I2S to RX mode for recording[0m
[0;32mI (10616) I2S: I2S driver uninstalled[0m
[1;31mE (10616) AUDIO: I2S read failed: ESP_FAIL, bytes read: 0[0m
[1;31mE (10616) WS: Failed to send WebSocket text: ERROR (0x97)[0m
[0;32mI (10666) STATE: I2S configured for RX mode (recording)[0m
[1;31mE (10666) WS: Failed to send WebSocket text: ERROR (0x26)[0m
[0;32mI (10866) STATE: State changed: IDLE -> RECORDING[0m
[1;31mE (10866) WS: Failed to send WebSocket text: ERROR (0x1c)[0m
[0;33mW (10886) WS: Server requested re-record: Empty transcript[0m
[0;32mI (11466) STATE: State changed: RECORDING -> PROCESSING[0m
[0;32mI (12466) STATE: State changed: PROCESSING -> IDLE[0m
[0;32mI (32866) STATE: Switching I2S to RX mode for recording[0m
[0;32mI (32866) I2S: I2S driver uninstalled[0m
[0;33mW (32876) AUDIO: I2S not initialized, waiting...[0m
[0;32mI (32916) STATE: I2S configured for RX mode (recording)[0m
[1;31mE (32916) WS: Failed to send WebSocket text: ERROR (0x27)[0m
[0;32mI (33116) STATE: State changed: IDLE -> RECORDING[0m
[1;31mE (33436) WS: Failed to send WebSocket text: ERROR (0x55)[0m
[1;31mE (33476) WS: Failed to send WebSocket binary: ERROR (0x3e80)[0m
Guru Meditation Error: Core  1 panic'ed (StoreProhibited). Exception was unhandled.

Core  1 register dump:
PC      : 0x40092e8b  PS      : 0x00060333  A0      : 0x80092cf7  A1      : 0x3ffdb860  
A2      : 0x3f800014  A3      : 0x3f804774  A4      : 0x00000008  A5      : 0x3f4096d3  
A6      : 0x00000002  A7      : 0x3f80476c  A8      : 0xe7a45770  A9      : 0xa8241002  
A10     : 0x00000001  A11     : 0xffffffff  A12     : 0x3ffdb744  A13     : 0x00060323  
A14     : 0x3ffdb720  A15     : 0x0000abab  SAR     : 0x00000004  EXCCAUSE: 0x0000001d  
EXCVADDR: 0xe7a45770  LBEG    : 0x4008b88d  LEND    : 0x4008b89d  LCOUNT  : 0xfffffffe  


Backtrace: 0x40092e88:0x3ffdb860 0x40092cf4:0x3ffdb880 0x4008276f:0x3ffdb8a0 0x40095a75:0x3ffdb8c0 0x400deec6:0x3ffdb8e0 0x4008e6c9:0x3ffdb920




ELF file SHA256: 372060bc2

Rebooting...
[0;32mI (13) boot: ESP-IDF v5.4.2-dirty 2nd stage bootloader[0m
[0;32mI (13) boot: compile time Oct 30 2025 18:21:17[0m
[0;32mI (13) boot: Multicore bootloader[0m
[0;32mI (14) boot: chip revision: v3.1[0m
[0;32mI (16) boot.esp32: SPI Speed      : 40MHz[0m
[0;32mI (20) boot.esp32: SPI Mode       : DIO[0m
[0;32mI (24) boot.esp32: SPI Flash Size : 2MB[0m
[0;32mI (27) boot: Enabling RNG early entropy source...[0m
[0;32mI (32) boot: Partition Table:[0m
[0;32mI (34) boot: ## Label            Usage          Type ST Offset   Length[0m
[0;32mI (41) boot:  0 nvs              WiFi data        01 02 00009000 00006000[0m
[0;32mI (47) boot:  1 phy_init         RF data          01 01 0000f000 00001000[0m
[0;32mI (54) boot:  2 factory          factory app      00 00 00010000 00100000[0m
[0;32mI (60) boot: End of partition table[0m
[0;32mI (64) esp_image: segment 0: paddr=00010020 vaddr=3f400020 size=26f4ch (159564) map[0m
[0;32mI (126) esp_image: segment 1: paddr=00036f74 vaddr=3ff80000 size=0001ch (    28) load[0m
[0;32mI (126) esp_image: segment 2: paddr=00036f98 vaddr=3ffb0000 size=040f8h ( 16632) load[0m
[0;32mI (136) esp_image: segment 3: paddr=0003b098 vaddr=40080000 size=04f80h ( 20352) load[0m
[0;32mI (145) esp_image: segment 4: paddr=00040020 vaddr=400d0020 size=b564ch (742988) map[0m
[0;32mI (399) esp_image: segment 5: paddr=000f5674 vaddr=40084f80 size=16f58h ( 94040) load[0m
[0;32mI (449) boot: Loaded app from partition at offset 0x10000[0m
[0;32mI (449) boot: Disabling RNG early entropy source...[0m
[0;32mI (459) quad_psram: This chip is ESP32-D0WD[0m
[0;32mI (461) esp_psram: Found 8MB PSRAM device[0m
[0;32mI (461) esp_psram: Speed: 40MHz[0m
[0;32mI (461) esp_psram: PSRAM initialized, cache is in low/high (2-core) mode.[0m
[0;33mW (467) esp_psram: Virtual address not enough for PSRAM, map as much as we can. 4MB is mapped[0m
[0;32mI (475) cpu_start: Multicore app[0m
[0;32mI (1383) esp_psram: SPI SRAM memory test OK[0m
[0;32mI (1391) cpu_start: Pro cpu start user code[0m
[0;32mI (1391) cpu_start: cpu freq: 240000000 Hz[0m
[0;32mI (1391) app_init: Application information:[0m
[0;32mI (1391) app_init: Project name:     hotpin-firmware[0m
[0;32mI (1396) app_init: App version:      4bb67bd-dirty[0m
[0;32mI (1401) app_init: Compile time:     Oct 30 2025 18:21:05[0m
[0;32mI (1406) app_init: ELF file SHA256:  372060bc2...[0m
[0;32mI (1410) app_init: ESP-IDF:          v5.4.2-dirty[0m
[0;32mI (1415) efuse_init: Min chip rev:     v0.0[0m
[0;32mI (1419) efuse_init: Max chip rev:     v3.99 [0m
[0;32mI (1423) efuse_init: Chip rev:         v3.1[0m
[0;32mI (1427) heap_init: Initializing. RAM available for dynamic allocation:[0m
[0;32mI (1433) heap_init: At 3FFAE6E0 len 00001920 (6 KiB): DRAM[0m
[0;32mI (1438) heap_init: At 3FFB8A40 len 000275C0 (157 KiB): DRAM[0m
[0;32mI (1443) heap_init: At 3FFE0440 len 00003AE0 (14 KiB): D/IRAM[0m
[0;32mI (1449) heap_init: At 3FFE4350 len 0001BCB0 (111 KiB): D/IRAM[0m
[0;32mI (1454) heap_init: At 4009BED8 len 00004128 (16 KiB): IRAM[0m
[0;32mI (1460) esp_psram: Adding pool of 4096K of PSRAM memory to heap allocator[0m
[0;32mI (1467) spi_flash: detected chip: generic[0m
[0;32mI (1470) spi_flash: flash io: dio[0m
[0;33mW (1473) spi_flash: Detected size(4096k) larger than the size in the binary image header(2048k). Using the size in the binary image header.[0m
[0;33mW (1486) ADC: legacy driver is deprecated, please migrate to `esp_adc/adc_oneshot.h`[0m
[0;33mW (1493) i2s(legacy): legacy i2s driver is deprecated, please migrate to use driver/i2s_std.h, driver/i2s_pdm.h or driver/i2s_tdm.h[0m
[0;32mI (1506) main_task: Started on CPU0[0m
[0;32mI (1516) esp_psram: Reserving pool of 32K of internal memory for DMA/internal allocations[0m
[0;32mI (1516) main_task: Calling app_main()[0m
[0;32mI (1516) HOTPIN: Starting HotPin Firmware[0m
[0;32mI (1546) HOTPIN: Generated unique session ID: hotpin-8462e0-000000-e44b[0m
[0;32mI (1546) PSRAM: PSRAM available: 8388608 bytes[0m
[0;32mI (1546) GPIO: Initializing GPIO pins[0m
[0;32mI (1546) gpio: GPIO[12]| InputEn: 1| OutputEn: 0| OpenDrain: 0| Pullup: 1| Pulldown: 0| Intr:0 [0m
[0;32mI (1556) gpio: GPIO[33]| InputEn: 0| OutputEn: 1| OpenDrain: 0| Pullup: 0| Pulldown: 0| Intr:0 [0m
[0;32mI (1566) GPIO: GPIO initialization complete[0m
[0;32mI (1716) POOL: Allocated 256000 bytes chunk pool from PSRAM[0m
[0;32mI (1766) WIFI: Initializing WiFi[0m
[0;32mI (1776) wifi:wifi driver task: 3ffc90dc, prio:23, stack:6656, core=0[0m
[0;32mI (1786) wifi:wifi firmware version: bea31f3[0m
[0;32mI (1786) wifi:wifi certification version: v7.0[0m
[0;32mI (1786) wifi:config NVS flash: enabled[0m
[0;32mI (1786) wifi:config nano formatting: disabled[0m
[0;32mI (1786) wifi:Init data frame dynamic rx buffer num: 32[0m
[0;32mI (1796) wifi:Init static rx mgmt buffer num: 5[0m
[0;32mI (1796) wifi:Init management short buffer num: 32[0m
[0;32mI (1806) wifi:Init dynamic tx buffer num: 32[0m
[0;32mI (1806) wifi:Init static rx buffer size: 1600[0m
[0;32mI (1806) wifi:Init static rx buffer num: 10[0m
[0;32mI (1816) wifi:Init dynamic rx buffer num: 32[0m
[0;32mI (1816) wifi_init: rx ba win: 6[0m
[0;32mI (1816) wifi_init: accept mbox: 6[0m
[0;32mI (1826) wifi_init: tcpip mbox: 32[0m
[0;32mI (1826) wifi_init: udp mbox: 6[0m
[0;32mI (1826) wifi_init: tcp mbox: 6[0m
[0;32mI (1836) wifi_init: tcp tx win: 5760[0m
[0;32mI (1836) wifi_init: tcp rx win: 5760[0m
[0;32mI (1836) wifi_init: tcp mss: 1440[0m
[0;32mI (1846) wifi_init: WiFi IRAM OP enabled[0m
[0;32mI (1846) wifi_init: WiFi RX IRAM OP enabled[0m
[0;32mI (1846) WIFI: Starting WiFi...[0m
[0;32mI (1856) phy_init: phy_version 4860,6b7a6e5,Feb  6 2025,14:47:07[0m
[0;32mI (1936) phy_init: Saving new calibration data due to checksum failure or outdated calibration data, mode(0)[0m
[0;32mI (1956) wifi:mode : sta (2c:bc:bb:84:62:e0)[0m
[0;32mI (1956) wifi:enable tsf[0m
[0;32mI (1956) WIFI: Connecting to WiFi network: wifi[0m
[0;32mI (1966) WIFI: WiFi initialization complete[0m
[0;32mI (1996) wifi:new:<11,0>, old:<1,0>, ap:<255,255>, sta:<11,0>, prof:1, snd_ch_cfg:0x0[0m
[0;32mI (2006) wifi:state: init -> auth (0xb0)[0m
[0;32mI (2546) HOTPIN: Waiting for IP address before starting WebSocket...[0m
[0;32mI (2916) wifi:state: auth -> assoc (0x0)[0m
[0;32mI (2926) wifi:Association refused temporarily time 1100, comeback time 1200 (TUs)[0m
[0;32mI (4156) wifi:state: assoc -> auth (0xb0)[0m
[0;32mI (5046) wifi:state: auth -> assoc (0x0)[0m
[0;32mI (5056) wifi:state: assoc -> run (0x10)[0m
[0;32mI (5076) wifi:connected with wifi, aid = 1, channel 11, BW20, bssid = ee:d4:b9:ed:90:50[0m
[0;32mI (5076) wifi:security: WPA3-SAE, phy: bgn, rssi: -64[0m
[0;32mI (5076) wifi:pm start, type: 1[0m

[0;32mI (5076) wifi:dp: 1, bi: 102400, li: 3, scale listen interval from 307200 us to 307200 us[0m
[0;32mI (5086) wifi:<ba-add>idx:0 (ifx:0, ee:d4:b9:ed:90:50), tid:0, ssn:0, winSize:64[0m
[0;32mI (5166) wifi:dp: 2, bi: 102400, li: 4, scale listen interval from 307200 us to 409600 us[0m
[0;32mI (5176) wifi:AP's beacon interval = 102400 us, DTIM period = 2[0m
[0;32mI (6116) esp_netif_handlers: sta ip: 10.143.111.105, mask: 255.255.255.0, gw: 10.143.111.248[0m
[0;32mI (6146) HOTPIN: IP address obtained, initializing WebSocket[0m
[0;32mI (6146) WS: Initializing WebSocket client[0m
[0;32mI (6146) CONFIG: Initializing dynamic configuration management[0m
[0;32mI (6146) CONFIG: Found pre-configured URL, applying authentication parameters without server fetch[0m
[0;32mI (6156) CONFIG: Dynamic configuration initialized with pre-configured URL: ws://10.70.101.155:8000/ws?session=hotpin-8462e0-000000-e44b&token=mysecrettoken123[0m
[0;32mI (6166) WS: Local WebSocket URL for client connections: ws://10.143.111.105:8000/ws[0m
[0;32mI (6176) WS: Connect other devices to this URL to interact with this HotPin device on the local network[0m
[0;32mI (6186) WS: Using WebSocket URL: ws://10.70.101.155:8000/ws?session=hotpin-8462e0-000000-e44b&token=mysecrettoken123[0m
[0;32mI (6206) websocket_client: Started[0m
[0;32mI (6206) WS: WebSocket client initialized[0m
[0;32mI (6206) I2S: I2S initialized successfully[0m
[1;31mE (6236) transport_ws: Sec-WebSocket-Accept not found[0m
[1;31mE (6236) websocket_client: esp_transport_connect() failed with -1, transport_error=ESP_OK, tls_error_code=0, tls_flags=0, esp_ws_handshake_status_code=403, errno=119[0m
[1;31mE (6236) WS: WebSocket error[0m
[0;32mI (6246) STATE: State changed: BOOTING -> STALLED[0m
[0;32mI (6246) WS: WebSocket error - scheduling reconnection[0m
[0;32mI (6256) websocket_client: Reconnect after 10000 ms[0m
[0;33mW (6256) WS: WebSocket disconnected[0m
[0;32mI (6256) STATE: State changed: STALLED -> STALLED[0m
[0;32mI (6266) WS: Waiting for server session cleanup...[0m
[0;32mI (6306) WS: Starting WebSocket task - handling handshake and connection management[0m
[0;32mI (6306) WS: Starting WebSocket message processing task[0m
[0;33mW (6306) CAMERA: Camera task started but camera is disabled[0m
[0;32mI (6306) HOTPIN: All tasks created, system ready[0m
[0;32mI (11266) WS: Attempting WebSocket reconnection in 1 seconds...[0m
[0;33mW (11306) WS: WebSocket connection not established after timeout, will continue to monitor[0m
[0;33mW (11306) WS: WebSocket disconnected (failure 1/10), will continue to monitor[0m
[0;33mW (11306) WS: WebSocket not connected, cannot send JSON[0m
[1;31mE (11306) BUTTON: Failed to send reject message to server[0m
[1;31mE (12266) websocket_client: The client has started[0m
[1;31mE (12266) WS: WebSocket reconnection failed: ESP_FAIL[0m
[0;32mI (12266) WS: Attempting WebSocket reconnection in 2 seconds...[0m
[1;31mE (14266) websocket_client: The client has started[0m
[1;31mE (14266) WS: WebSocket reconnection failed: ESP_FAIL[0m
[0;32mI (14266) WS: Attempting WebSocket reconnection in 4 seconds...[0m
[0;33mW (16306) WS: WebSocket disconnected (failure 2/10), will continue to monitor[0m
))ï¿½            